2024-03-15 08:00:01 INFO  Server starting on port 8080
2024-03-15 08:00:01 INFO  Initializing database connection pool
2024-03-15 08:00:01 INFO  Database connection pool established (max: 20)
2024-03-15 08:00:02 INFO  Loading configuration from /etc/app/config.toml
2024-03-15 08:00:02 INFO  Cache warming started
2024-03-15 08:00:03 WARN  Rate limiting threshold at 80% capacity
2024-03-15 08:00:03 INFO  Cache warming completed (1250 entries)
2024-03-15 08:00:03 INFO  Server ready to accept connections
2024-03-15 08:05:12 INFO  GET /api/v1/users 200 45ms
2024-03-15 08:05:13 INFO  POST /api/v1/users 201 120ms
2024-03-15 08:05:15 WARN  Slow query detected: SELECT * FROM orders WHERE status='pending' (320ms)
2024-03-15 08:07:30 ERROR Failed to send email notification: connection timeout
2024-03-15 08:07:30 INFO  Retry queued for email notification (attempt 1/3)
2024-03-15 08:10:00 INFO  Health check: all services operational
2024-03-15 08:15:00 INFO  Health check: all services operational
2024-03-15 08:15:23 ERROR Database connection lost - attempting reconnect
2024-03-15 08:15:23 WARN  Connection pool degraded (0/20 available)
2024-03-15 08:15:24 INFO  Database connection re-established
2024-03-15 08:15:24 INFO  Connection pool recovered (20/20 available)
2024-03-15 08:20:00 INFO  Health check: all services operational
2024-03-15 08:25:00 INFO  Health check: all services operational
2024-03-15 08:30:00 INFO  Health check: all services operational
